components/dashboard/TradingViewChart.tsx(78,36): error TS2339: Property 'addCandlestickSeries' does not exist on type 'IChartApi'.
components/dashboard/TradingViewChart.tsx(148,9): error TS17004: Cannot use JSX unless the '--jsx' flag is provided.
components/dashboard/TradingViewChart.tsx(150,17): error TS17004: Cannot use JSX unless the '--jsx' flag is provided.
components/dashboard/TradingViewChart.tsx(151,21): error TS17004: Cannot use JSX unless the '--jsx' flag is provided.
components/dashboard/TradingViewChart.tsx(155,17): error TS17004: Cannot use JSX unless the '--jsx' flag is provided.
components/dashboard/TradingViewChart.tsx(156,21): error TS17004: Cannot use JSX unless the '--jsx' flag is provided.
components/dashboard/TradingViewChart.tsx(159,13): error TS17004: Cannot use JSX unless the '--jsx' flag is provided.
